// Jest Snapshot v1, https://goo.gl/fbAQLP

exports[`snapshot 1`] = `
<div>
  <div
    class="suggestion"
  >
    <ul
      class="list"
    >
      <li
        id="1"
      >
        Juan Almeida
      </li>
      <li
        id="2"
      >
        Patricio Almeida
      </li>
    </ul>
  </div>
</div>
`;

exports[`snapshot loading 1`] = `
<div>
  <div
    class="suggestion"
  >
    <div
      class="loading show"
    >
      <div
        class="css-0"
      >
        <div
          class="css-1hpnt32-style"
        />
        <div
          class="css-vz2hb5-style"
        />
        <div
          class="css-1hpnt32-style"
        />
      </div>
    </div>
  </div>
</div>
`;
